<testsuites name="results">
  <testsuite name="all" package="all">
    <property name="random_seed" value="1777657455" />
    <testcase name="test_reset" classname="test_packet_handler" file="/app/test_packet_handler.py" lineno="61" time="0.0013666152954101562" sim_time_ns="20.0" ratio_time="14634.696441032798" />
    <testcase name="test_basic_packet" classname="test_packet_handler" file="/app/test_packet_handler.py" lineno="71" time="0.0018112659454345703" sim_time_ns="110.0" ratio_time="60731.00434381993" />
    <testcase name="test_multiple_valid_streams" classname="test_packet_handler" file="/app/test_packet_handler.py" lineno="103" time="0.0031147003173828125" sim_time_ns="220.0" ratio_time="70632.79853031231" />
    <testcase name="test_dropped_lost_packet" classname="test_packet_handler" file="/app/test_packet_handler.py" lineno="144" time="0.0023603439331054688" sim_time_ns="150.0" ratio_time="63550.06060606061" />
    <testcase name="test_min_length_packet" classname="test_packet_handler" file="/app/test_packet_handler.py" lineno="188" time="0.001375436782836914" sim_time_ns="80.0" ratio_time="58163.34200034668" />
    <testcase name="test_randomized_packets" classname="test_packet_handler" file="/app/test_packet_handler.py" lineno="244" time="0.07328176498413086" sim_time_ns="6140.0" ratio_time="83786.19157616653" />
  </testsuite>
</testsuites>